
Allocating common symbols
Common symbol       size              file

x                   0x190             main.o

Memory Configuration

Name             Origin             Length             Attributes
flash            0x08000000         0x00020000         xr
sram             0x20000000         0x00005000         xrw
*default*        0x00000000         0xffffffff

Linker script and memory map


.text           0x08000000      0x12c
 *(.vectors*)
 .vectors       0x08000000       0x50 startup.o
 .vectors       0x08000050       0x50 Startup.o
 *(.text*)
 .text          0x080000a0       0x7c main.o
                0x080000a0                main
 .text          0x0800011c        0x8 startup.o
 .text          0x08000124        0x8 Startup.o
 *(.rodata)

.data           0x0800012c       0x14
 .data          0x0800012c       0x14 main.o
                0x0800012c                name
                0x0800013c                R_ODR
 .data          0x08000140        0x0 startup.o
 .data          0x08000140        0x0 Startup.o

.igot.plt       0x08000140        0x0
 .igot.plt      0x08000140        0x0 main.o

.glue_7         0x08000140        0x0
 .glue_7        0x08000140        0x0 linker stubs

.glue_7t        0x08000140        0x0
 .glue_7t       0x08000140        0x0 linker stubs

.vfp11_veneer   0x08000140        0x0
 .vfp11_veneer  0x08000140        0x0 linker stubs

.v4_bx          0x08000140        0x0
 .v4_bx         0x08000140        0x0 linker stubs

.iplt           0x08000140        0x0
 .iplt          0x08000140        0x0 main.o

.rel.dyn        0x08000140        0x0
 .rel.iplt      0x08000140        0x0 main.o

.bss            0x20000000      0x190
 *(.bss*)
 .bss           0x20000000        0x0 main.o
 .bss           0x20000000        0x0 startup.o
 .bss           0x20000000        0x0 Startup.o
 COMMON         0x20000000      0x190 main.o
                0x20000000                x
LOAD main.o
LOAD startup.o
LOAD Startup.o
OUTPUT(learn_in_depth_cortex_m3.elf elf32-littlearm)

.debug_info     0x00000000      0x1f2
 .debug_info    0x00000000      0x1a6 main.o
 .debug_info    0x000001a6       0x26 startup.o
 .debug_info    0x000001cc       0x26 Startup.o

.debug_abbrev   0x00000000      0x123
 .debug_abbrev  0x00000000       0xfb main.o
 .debug_abbrev  0x000000fb       0x14 startup.o
 .debug_abbrev  0x0000010f       0x14 Startup.o

.debug_loc      0x00000000       0x38
 .debug_loc     0x00000000       0x38 main.o

.debug_aranges  0x00000000       0x60
 .debug_aranges
                0x00000000       0x20 main.o
 .debug_aranges
                0x00000020       0x20 startup.o
 .debug_aranges
                0x00000040       0x20 Startup.o

.debug_line     0x00000000      0x1a1
 .debug_line    0x00000000      0x12b main.o
 .debug_line    0x0000012b       0x3b startup.o
 .debug_line    0x00000166       0x3b Startup.o

.debug_str      0x00000000      0x14f
 .debug_str     0x00000000      0x136 main.o
                                0x178 (size before relaxing)
 .debug_str     0x00000136       0x19 startup.o
                                 0x4e (size before relaxing)
 .debug_str     0x0000014f       0x4e Startup.o

.comment        0x00000000       0x7e
 .comment       0x00000000       0x7e main.o
                                 0x7f (size before relaxing)

.ARM.attributes
                0x00000000       0x31
 .ARM.attributes
                0x00000000       0x33 main.o
 .ARM.attributes
                0x00000033       0x21 startup.o
 .ARM.attributes
                0x00000054       0x21 Startup.o

.debug_frame    0x00000000       0x2c
 .debug_frame   0x00000000       0x2c main.o
