11:52:22 **** Build of configuration Debug for project interrupt_lab1 ****
make -j4 all 
arm-none-eabi-gcc -gdwarf-2 -mcpu=cortex-m3 -g3 -c -x assembler-with-cpp -MMD -MP -MF"Startup/startup_stm32f103c6tx.d" -MT"Startup/startup_stm32f103c6tx.o" --specs=nano.specs -mfloat-abi=soft -mthumb -o "Startup/startup_stm32f103c6tx.o" "../Startup/startup_stm32f103c6tx.s"
arm-none-eabi-gcc -gdwarf-2 "../Src/main.c" -mcpu=cortex-m3 -std=gnu11 -g3 -DSTM32 -DSTM32F1 -DSTM32F103C6Tx -DDEBUG -c -I../Inc -O0 -ffunction-sections -fdata-sections -Wall -fstack-usage -MMD -MP -MF"Src/main.d" -MT"Src/main.o" --specs=nano.specs -mfloat-abi=soft -mthumb -o "Src/main.o"
arm-none-eabi-gcc -gdwarf-2 "../Src/syscalls.c" -mcpu=cortex-m3 -std=gnu11 -g3 -DSTM32 -DSTM32F1 -DSTM32F103C6Tx -DDEBUG -c -I../Inc -O0 -ffunction-sections -fdata-sections -Wall -fstack-usage -MMD -MP -MF"Src/syscalls.d" -MT"Src/syscalls.o" --specs=nano.specs -mfloat-abi=soft -mthumb -o "Src/syscalls.o"
arm-none-eabi-gcc -gdwarf-2 "../Src/sysmem.c" -mcpu=cortex-m3 -std=gnu11 -g3 -DSTM32 -DSTM32F1 -DSTM32F103C6Tx -DDEBUG -c -I../Inc -O0 -ffunction-sections -fdata-sections -Wall -fstack-usage -MMD -MP -MF"Src/sysmem.d" -MT"Src/sysmem.o" --specs=nano.specs -mfloat-abi=soft -mthumb -o "Src/sysmem.o"
arm-none-eabi-gcc -gdwarf-2 -o "interrupt_lab1.elf" @"objects.list"   -mcpu=cortex-m3 -T"C:\Users\Mohamed-pc\Desktop\Assignments\Unit 6\lesson 4\lab\interrupt_lab1\STM32F103C6TX_FLASH.ld" --specs=nosys.specs -Wl,-Map="interrupt_lab1.map" -Wl,--gc-sections -static --specs=nano.specs -mfloat-abi=soft -mthumb -Wl,--start-group -lc -lm -Wl,--end-group
Finished building target: interrupt_lab1.elf
 
arm-none-eabi-size   interrupt_lab1.elf 
arm-none-eabi-objdump -h -S  interrupt_lab1.elf  > "interrupt_lab1.list"
arm-none-eabi-objcopy  -O binary  interrupt_lab1.elf  "interrupt_lab1.bin"
   text	   data	    bss	    dec	    hex	filename
    760	      8	   1568	   2336	    920	interrupt_lab1.elf
Finished building: default.size.stdout
 
Finished building: interrupt_lab1.bin
 
Finished building: interrupt_lab1.list
 

11:52:32 Build Finished. 0 errors, 0 warnings. (took 9s.785ms)

