Stm32_F103C6_EXTI_driver.c:29:6:Enable_NVIC	16	static
Stm32_F103C6_EXTI_driver.c:67:6:Diasble_NVIC	16	static
Stm32_F103C6_EXTI_driver.c:107:6:Update_EXTI	24	static
Stm32_F103C6_EXTI_driver.c:188:6:MCAL_EXTI_GPIO_Init	16	static
Stm32_F103C6_EXTI_driver.c:205:6:MCAL_EXTI_GPIO_DeInit	4	static
Stm32_F103C6_EXTI_driver.c:239:6:MCAL_EXTI_GPIO_Update	16	static
Stm32_F103C6_EXTI_driver.c:252:6:EXTI0_IRQHandler	8	static
Stm32_F103C6_EXTI_driver.c:259:6:EXTI1_IRQHandler	8	static
Stm32_F103C6_EXTI_driver.c:266:6:EXTI2_IRQHandler	8	static
Stm32_F103C6_EXTI_driver.c:273:6:EXTI3_IRQHandler	8	static
Stm32_F103C6_EXTI_driver.c:280:6:EXTI4_IRQHandler	8	static
Stm32_F103C6_EXTI_driver.c:287:6:EXTI9_5_IRQHandler	8	static
Stm32_F103C6_EXTI_driver.c:295:6:EXTI15_10_IRQHandler	8	static
